{"model":"test-model","messages":[{"role":"system","content":"you are kloo"},{"role":"user","content":"make the failing check pass"},{"role":"assistant","tool_calls":[{"id":"c0","type":"function","function":{"name":"read_file","arguments":"{\"path\":\"a.go\"}"}}]},{"role":"user","content":"tool read_file result:\npackage main\n"},{"role":"user","content":"Last verify: go test ./...\npassed=false exit=1\nFAIL"}],"temperature":0.1,"tools":[{"type":"function","function":{"name":"read_file","description":"Read a file.","parameters":{"properties":{"path":{"type":"string"}},"type":"object"}}}]}