┌────────────────────────────────────────────────────────────────────────────────────────┐
│ kloo dev  test-model                                       step 0/40 · 0/8k tok · auto │
└────────────────────────────────────────────────────────────────────────────────────────┘








k> kloo — autonomous coding for small local models

┌──────────────────────────────────────────────────────────────────────────────────────┐
│ ✎ src/app/tabs/tabs.routes.ts                                                        │
│ - { path: 'tab1', loadComponent: ... }                                               │
│ + { path: 'home', loadComponent: ... }                                               │
└──────────────────────────────────────────────────────────────────────────────────────┘


┌────────────────────────────────────────────────────────────────────────────────────────┐
│k> type a task…                                                                         │
└────────────────────────────────────────────────────────────────────────────────────────┘
Esc/Ctrl-C interrupt · permission dial: auto › accept-edits › approve-each