┌────────────────────────────────────────────────────────────────────────────────────────┐
│ kloo dev  test-model                                       step 0/40 · 0/8k tok · auto │
└────────────────────────────────────────────────────────────────────────────────────────┘
┌──────────────────────────────────────────────────────────────────────────────────────┐
│ ⌘ run_command  npm run build    exit 1 ✗                                             │
│   ERROR in src/app/tab1/tab1.page.ts:12:5                                            │
│   TS2304: Cannot find name 'Hom'.                                                    │
│   line-three                                                                         │
│   line-four                                                                          │
│   … +4 more lines  ctrl+o to expand                                                  │
└──────────────────────────────────────────────────────────────────────────────────────┘
                                                                                        
                                                                                        
                                                                                        
                                                                                        
                                                                                        
                                                                                        
                                                                                        
                                                                                        
                                                                                        
                                                                                        
                                                                                        
                                                                                        
                                                                                        
                                                                                        
                                                                                        
                                                                                        
                                                                                        
                                                                                        
                                                                                        
                                                                                        
                                                                                        
                                                                                        
                                                                                        
                                                                                        
                                                                                        
                                                                                        
                                                                                        
                                                                                        

┌────────────────────────────────────────────────────────────────────────────────────────┐
│> type a task…                                           /add /model /mode /stop /diff  │
└────────────────────────────────────────────────────────────────────────────────────────┘
Esc/Ctrl-C interrupt · permission dial: auto › accept-edits › approve-each