┌────────────────────────────────────────────────────────────────────────────────────────┐
│ kloo dev  test-model                                       step 0/40 · 0/8k tok · auto │
└────────────────────────────────────────────────────────────────────────────────────────┘
                                                                                        
                                                                                        
                                                                                        
                                                                                        
                                                                                        
                                                                                        
                                                                                        
                                                                                        
                                                                                        
                                                                                        
                                                                                        
                                                                                        
                                                                                        
                                                                                        
                                                                                        
                                                                                        
                                                                                        
                                                                                        
                                                                                        
                                                                                        
                                                                                        
                                                                                        
                                                                                        
                                                                                        
                                                                                        
                                                                                        
                                                                                        
                                                                                        
┌──────────────────────────────────────────────────────────────────────────────────────┐
│ ✎ src/app/tabs/tabs.routes.ts                                                        │
│ - { path: 'tab1' }                                                                   │
│ + { path: 'home' }                                                                   │
│ ────────────────────────────────────────────────────────────                         │
│ - { path: 'tab2' }                                                                   │
│ + { path: 'apps' }                                                                   │
└──────────────────────────────────────────────────────────────────────────────────────┘

┌────────────────────────────────────────────────────────────────────────────────────────┐
│> type a task…                                           /add /model /mode /stop /diff  │
└────────────────────────────────────────────────────────────────────────────────────────┘
Esc/Ctrl-C interrupt · permission dial: auto › accept-edits › approve-each