┌────────────────────────────────────────────────────────────────────────────────────────┐
│ kloo v0.2.0  test-model · medium                    step 18/80 · 14.4k/200k tok · auto │
└────────────────────────────────────────────────────────────────────────────────────────┘

















┌────────────────────────────────────────────────────────────────────────────────────────┐
│> type a task…                                                                          │
└────────────────────────────────────────────────────────────────────────────────────────┘
Esc/Ctrl-C interrupt · permission dial: auto › accept-edits › approve-each