┌────────────────────────────────────────────────────────────────────────────────────────┐
│ kloo dev  test-model                                       step 0/40 · 0/8k tok · auto │
└────────────────────────────────────────────────────────────────────────────────────────┘







┌────────────────────────────────────────────────────────────────────────────────────────┐
│Select model for next run                                             type to filter    │
│> openai/gpt-4.1-mini                                                                   │
│  1047k ctx · provider current · live                                                   │
│                                                                                        │
│                                                                                        │
│                                                                                        │
│                                                                                        │
│↑/↓ move  Enter select  Esc cancel                                                      │
└────────────────────────────────────────────────────────────────────────────────────────┘
┌────────────────────────────────────────────────────────────────────────────────────────┐
│> type a task…                                                                          │
└────────────────────────────────────────────────────────────────────────────────────────┘
Esc/Ctrl-C interrupt · permission dial: auto › accept-edits › approve-each