┌────────────────────────────────────────────────────────────────────────────────────────┐
│ kloo dev  test-model                                     step 1/40 · 400/8k tok · auto │
└────────────────────────────────────────────────────────────────────────────────────────┘
▸ you: build the thing                                                                  
                                                                                        
● assistant                                                                             
  working on it                                                                         
                                                                                        
┌──────────────────────────────────────────────────────────────────────────────────────┐
│ ⌘ run_command  npm run build    exit 1 ✗                                             │
│   boom                                                                               │
└──────────────────────────────────────────────────────────────────────────────────────┘
                                                                                        
┌──────────────────────────────────────────────────────────────────────────────────────┐
│ ■ run stopped — ERROR                                                                │
│ steps:   1 · tokens: 0 · elapsed:                                                    │
│ last verify: npm run build → exit 1 ✗                                                │
└──────────────────────────────────────────────────────────────────────────────────────┘
                                                                                        
                                                                                        
                                                                                        
                                                                                        
                                                                                        
                                                                                        
                                                                                        
                                                                                        
                                                                                        
                                                                                        
                                                                                        
                                                                                        
                                                                                        
                                                                                        
                                                                                        
                                                                                        
                                                                                        

┌────────────────────────────────────────────────────────────────────────────────────────┐
│> type a task…                                           /add /model /mode /stop /diff  │
└────────────────────────────────────────────────────────────────────────────────────────┘
Esc/Ctrl-C interrupt · permission dial: auto › accept-edits › approve-each