┌────────────────────────────────────────────────────────────────────────────────────────┐
│ kloo  test-model · medium                            step 2/80 · 14.4k/200k tok · auto │
└────────────────────────────────────────────────────────────────────────────────────────┘
▸ you: rename the three tabs                                                            
                                                                                        
● assistant                                                                             
  Plan                                                                                  
  I'll rename the three tabs using edit_file.                                           
  • edit tab1                                                                           
  • run build                                                                           
                                                                                        
┌──────────────────────────────────────────────────────────────────────────────────────┐
│ ✎ src/app/tabs/tabs.routes.ts                                                        │
│ - { path: 'tab1' }                                                                   │
│ + { path: 'home' }                                                                   │
└──────────────────────────────────────────────────────────────────────────────────────┘
                                                                                        
┌──────────────────────────────────────────────────────────────────────────────────────┐
│ ⌘ run_command  npm test    exit 0 ✓                                                  │
└──────────────────────────────────────────────────────────────────────────────────────┘
                                                                                        
┌──────────────────────────────────────────────────────────────────────────────────────┐
│ ⌘ run_command  npm run build    exit 1 ✗                                             │
│   ERROR in src/app/tab1/tab1.page.ts:12:5                                            │
│   TS2304: Cannot find name 'Hom'.                                                    │
│   line-three                                                                         │
│   line-four                                                                          │
│   … +4 more lines  ctrl+o to expand                                                  │
└──────────────────────────────────────────────────────────────────────────────────────┘
                                                                                        
┌──────────────────────────────────────────────────────────────────────────────────────┐
│ ■ run stopped — ERROR                                                                │
│ steps:   3 · tokens: 14.4k/200k · elapsed: 31s                                       │
│ last verify: npm run build → exit 1 ✗                                                │
└──────────────────────────────────────────────────────────────────────────────────────┘
                                                                                        
                                                                                        
                                                                                        
                                                                                        
                                                                                        
                                                                                        
                                                                                        
                                                                                        
                                                                                        
                                                                                        
                                                                                        
                                                                                        
                                                                                        
                                                                                        
                                                                                        
                                                                                        
                                                                                        
                                                                                        
                                                                                        
                                                                                        

┌────────────────────────────────────────────────────────────────────────────────────────┐
│> type a task…                                           /add /model /mode /stop /diff  │
└────────────────────────────────────────────────────────────────────────────────────────┘
Esc/Ctrl-C interrupt · permission dial: auto › accept-edits › approve-each