┌────────────────────────────────────────────────────────────────────────────────────────┐
│ kloo dev  test-model                                    step 3/40 · 1.2k/8k tok · auto │
└────────────────────────────────────────────────────────────────────────────────────────┘

















┌────────────────────────────────────────────────────────────────────────────────────────┐
│> type a task…                                                                          │
└────────────────────────────────────────────────────────────────────────────────────────┘
Esc/Ctrl-C interrupt · permission dial: auto › accept-edits › approve-each