┌────────────────────────────────────────────────────────────────────────────────────────┐
│ kloo dev  test-model                                       step 0/40 · 0/8k tok · auto │
└────────────────────────────────────────────────────────────────────────────────────────┘
● assistant                                                                             
  I'll update the routes.                                                               
                                                                                        
                                                                                        
                                                                                        
                                                                                        
                                                                                        
                                                                                        
                                                                                        
                                                                                        
                                                                                        
                                                                                        
                                                                                        
                                                                                        
                                                                                        
                                                                                        

┌────────────────────────────────────────────────────────────────────────────────────────┐
│> type a task…                                           /add /model /mode /stop /diff  │
└────────────────────────────────────────────────────────────────────────────────────────┘
Esc/Ctrl-C interrupt · permission dial: auto › accept-edits › approve-each