┌────────────────────────────────────────────────────────────────────────────────────────┐
│ kloo  test-model                                           step 0/40 · 0/8k tok · auto │
└────────────────────────────────────────────────────────────────────────────────────────┘
┌──────────────────────────────────────────────────────────────────────────────────────┐
│ ✎ src/app/app.ts                                                                     │
│ - old                                                                                │
│ + new                                                                                │
└──────────────────────────────────────────────────────────────────────────────────────┘
                                                                                        
┌──────────────────────────────────────────────────────────────────────────────────────┐
│ ⌘ run_command  npm run build    exit 0 ✓                                             │
└──────────────────────────────────────────────────────────────────────────────────────┘
                                                                                        
┌──────────────────────────────────────────────────────────────────────────────────────┐
│ 👁 read_file  src/app/app.component.ts (88 lines)                                     │
└──────────────────────────────────────────────────────────────────────────────────────┘
                                                                                        
┌──────────────────────────────────────────────────────────────────────────────────────┐
│ ✓ verify  npm test    passed                                                         │
└──────────────────────────────────────────────────────────────────────────────────────┘
                                                                                        
                                                                                        
                                                                                        
                                                                                        
                                                                                        
                                                                                        
                                                                                        
                                                                                        
                                                                                        
                                                                                        
                                                                                        
                                                                                        
                                                                                        
                                                                                        
                                                                                        
                                                                                        
                                                                                        
                                                                                        
                                                                                        

┌────────────────────────────────────────────────────────────────────────────────────────┐
│> type a task…                                           /add /model /mode /stop /diff  │
└────────────────────────────────────────────────────────────────────────────────────────┘
Esc/Ctrl-C interrupt · permission dial: auto › accept-edits › approve-each